
> hmr@0.0.0 build
> vite build

[36mvite v7.3.1 [32mbuilding client environment for production...[36m[39m
transforming...
[32m✓[39m 2368 modules transformed.
[31m✗[39m Build failed in 10.74s
[31merror during build:
[31msrc/components/layout/Layout.jsx (2:7): "default" is not exported by "src/components/layout/Sidebar.jsx", imported by "src/components/layout/Layout.jsx".[31m
file: [36mC:/Users/joseg/Escritorio/Laravel Projects/HMR/src/components/layout/Layout.jsx:2:7[31m
[33m
1: import { Outlet } from 'react-router-dom';
2: import Sidebar from './Sidebar';
          ^
3: import Navbar from './Navbar';
[31m
    at getRollupError (file:///C:/Users/joseg/Escritorio/Laravel%20Projects/HMR/node_modules/rollup/dist/es/shared/parseAst.js:400:41)
    at error (file:///C:/Users/joseg/Escritorio/Laravel%20Projects/HMR/node_modules/rollup/dist/es/shared/parseAst.js:396:42)
    at Module.error (file:///C:/Users/joseg/Escritorio/Laravel%20Projects/HMR/node_modules/rollup/dist/es/shared/node-entry.js:17036:16)
    at Module.traceVariable (file:///C:/Users/joseg/Escritorio/Laravel%20Projects/HMR/node_modules/rollup/dist/es/shared/node-entry.js:17448:29)
    at ModuleScope.findVariable (file:///C:/Users/joseg/Escritorio/Laravel%20Projects/HMR/node_modules/rollup/dist/es/shared/node-entry.js:15066:39)
    at FunctionScope.findVariable (file:///C:/Users/joseg/Escritorio/Laravel%20Projects/HMR/node_modules/rollup/dist/es/shared/node-entry.js:5673:38)
    at FunctionBodyScope.findVariable (file:///C:/Users/joseg/Escritorio/Laravel%20Projects/HMR/node_modules/rollup/dist/es/shared/node-entry.js:5673:38)
    at Identifier.bind (file:///C:/Users/joseg/Escritorio/Laravel%20Projects/HMR/node_modules/rollup/dist/es/shared/node-entry.js:5447:40)
    at CallExpression.bind (file:///C:/Users/joseg/Escritorio/Laravel%20Projects/HMR/node_modules/rollup/dist/es/shared/node-entry.js:2825:28)
    at CallExpression.bind (file:///C:/Users/joseg/Escritorio/Laravel%20Projects/HMR/node_modules/rollup/dist/es/shared/node-entry.js:12179:15)[39m
